interactions:
- request:
    body: db=pubmed&retmode=xml&term=burritos+school+lunch&api_key=<omitted>&rettype=count
    headers:
      Accept:
      - application/json
      Accept-Encoding:
      - gzip, deflate
      Connection:
      - keep-alive
      Content-Length:
      - '107'
      Content-Type:
      - application/x-www-form-urlencoded
      User-Agent:
      - hawc
    method: POST
    uri: https://eutils.ncbi.nlm.nih.gov/entrez/eutils/esearch.fcgi
  response:
    body:
      string: "<?xml version=\"1.0\" encoding=\"UTF-8\" ?>\n<!DOCTYPE eSearchResult
        PUBLIC \"-//NLM//DTD esearch 20060628//EN\" \"https://eutils.ncbi.nlm.nih.gov/eutils/dtd/20060628/esearch.dtd\">\n<eSearchResult>\n\t<Count>3</Count>\n</eSearchResult>\n"
    headers:
      Access-Control-Allow-Origin:
      - '*'
      Access-Control-Expose-Headers:
      - X-RateLimit-Limit,X-RateLimit-Remaining
      Cache-Control:
      - private
      Connection:
      - Keep-Alive
      Content-Security-Policy:
      - upgrade-insecure-requests
      Content-Type:
      - text/xml; charset=UTF-8
      Date:
      - Thu, 05 Sep 2024 22:58:29 GMT
      Keep-Alive:
      - timeout=4, max=40
      NCBI-PHID:
      - D0BD9D8EE5AB4CE5000033EDBB527152.1.1.m_1
      NCBI-SID:
      - B8E55438C9289D7D_37C0SID
      Referrer-Policy:
      - origin-when-cross-origin
      Server:
      - Finatra
      Set-Cookie:
      - ncbi_sid=B8E55438C9289D7D_37C0SID; domain=.nih.gov; path=/; expires=Fri, 05
        Sep 2025 22:58:30 GMT
      Strict-Transport-Security:
      - max-age=31536000; includeSubDomains; preload
      Transfer-Encoding:
      - chunked
      X-RateLimit-Limit:
      - '10'
      X-RateLimit-Remaining:
      - '7'
      X-UA-Compatible:
      - IE=Edge
      X-XSS-Protection:
      - 1; mode=block
      content-encoding:
      - gzip
    status:
      code: 200
      message: OK
- request:
    body: db=pubmed&retmode=xml&term=burritos+school+lunch&api_key=<omitted>&retmax=5000&retstart=0
    headers:
      Accept:
      - application/json
      Accept-Encoding:
      - gzip, deflate
      Connection:
      - keep-alive
      Content-Length:
      - '116'
      Content-Type:
      - application/x-www-form-urlencoded
      Cookie:
      - ncbi_sid=B8E55438C9289D7D_37C0SID
      User-Agent:
      - hawc
    method: POST
    uri: https://eutils.ncbi.nlm.nih.gov/entrez/eutils/esearch.fcgi
  response:
    body:
      string: "<?xml version=\"1.0\" encoding=\"UTF-8\" ?>\n<!DOCTYPE eSearchResult
        PUBLIC \"-//NLM//DTD esearch 20060628//EN\" \"https://eutils.ncbi.nlm.nih.gov/eutils/dtd/20060628/esearch.dtd\">\n<eSearchResult>\n<Count>3</Count><RetMax>3</RetMax><RetStart>0</RetStart>\n<IdList>\n\t<Id>30473488</Id>\n\t<Id>16865905</Id>\n\t<Id>16410761</Id>\n</IdList>\n<TranslationSet><Translation>
        \    <From>school</From>     <To>\"educational status\"[MeSH Terms] OR (\"educational\"[All
        Fields] AND \"status\"[All Fields]) OR \"educational status\"[All Fields]
        OR \"schooling\"[All Fields] OR \"education\"[MeSH Terms] OR \"education\"[All
        Fields] OR \"school's\"[All Fields] OR \"schooled\"[All Fields] OR \"schools\"[MeSH
        Terms] OR \"schools\"[All Fields] OR \"school\"[All Fields]</To>    </Translation><Translation>
        \    <From>lunch</From>     <To>\"lunch\"[MeSH Terms] OR \"lunch\"[All Fields]
        OR \"lunches\"[All Fields] OR \"lunching\"[All Fields]</To>    </Translation></TranslationSet><QueryTranslation>\"burritos\"[All
        Fields] AND (\"educational status\"[MeSH Terms] OR (\"educational\"[All Fields]
        AND \"status\"[All Fields]) OR \"educational status\"[All Fields] OR \"schooling\"[All
        Fields] OR \"education\"[MeSH Terms] OR \"education\"[All Fields] OR \"school
        s\"[All Fields] OR \"schooled\"[All Fields] OR \"schools\"[MeSH Terms] OR
        \"schools\"[All Fields] OR \"school\"[All Fields]) AND (\"lunch\"[MeSH Terms]
        OR \"lunch\"[All Fields] OR \"lunches\"[All Fields] OR \"lunching\"[All Fields])</QueryTranslation>\n\n</eSearchResult>\n"
    headers:
      Access-Control-Allow-Origin:
      - '*'
      Access-Control-Expose-Headers:
      - X-RateLimit-Limit,X-RateLimit-Remaining
      Cache-Control:
      - private
      Connection:
      - Keep-Alive
      Content-Security-Policy:
      - upgrade-insecure-requests
      Content-Type:
      - text/xml; charset=UTF-8
      Date:
      - Thu, 05 Sep 2024 22:58:30 GMT
      Keep-Alive:
      - timeout=4, max=40
      NCBI-PHID:
      - D0BD9D8EE5AB4CE500005CEDBC0E1203.1.1.m_1
      NCBI-SID:
      - B8E55438C9289D7D_37C0SID
      Referrer-Policy:
      - origin-when-cross-origin
      Server:
      - Finatra
      Set-Cookie:
      - ncbi_sid=B8E55438C9289D7D_37C0SID; domain=.nih.gov; path=/; expires=Fri, 05
        Sep 2025 22:58:30 GMT
      Strict-Transport-Security:
      - max-age=31536000; includeSubDomains; preload
      Transfer-Encoding:
      - chunked
      X-RateLimit-Limit:
      - '10'
      X-RateLimit-Remaining:
      - '7'
      X-UA-Compatible:
      - IE=Edge
      X-XSS-Protection:
      - 1; mode=block
      content-encoding:
      - gzip
    status:
      code: 200
      message: OK
- request:
    body: retmax=1000&db=pubmed&retmode=xml&api_key=<omitted>&id=30473488&id=16865905&id=16410761
    headers:
      Accept:
      - application/json
      Accept-Encoding:
      - gzip, deflate
      Connection:
      - keep-alive
      Content-Length:
      - '114'
      Content-Type:
      - application/x-www-form-urlencoded
      User-Agent:
      - hawc
    method: POST
    uri: https://eutils.ncbi.nlm.nih.gov/entrez/eutils/efetch.fcgi
  response:
    body:
      string: '<?xml version="1.0" ?>

        <!DOCTYPE PubmedArticleSet PUBLIC "-//NLM//DTD PubMedArticle, 1st January
        2024//EN" "https://dtd.nlm.nih.gov/ncbi/pubmed/out/pubmed_240101.dtd">

        <PubmedArticleSet>

        <PubmedArticle><MedlineCitation Status="MEDLINE" Owner="NLM"><PMID Version="1">30473488</PMID><DateCompleted><Year>2020</Year><Month>01</Month><Day>14</Day></DateCompleted><DateRevised><Year>2020</Year><Month>01</Month><Day>14</Day></DateRevised><Article
        PubModel="Print-Electronic"><Journal><ISSN IssnType="Print">2212-2672</ISSN><JournalIssue
        CitedMedium="Internet"><Volume>119</Volume><Issue>3</Issue><PubDate><Year>2019</Year><Month>Mar</Month></PubDate></JournalIssue><Title>Journal
        of the Academy of Nutrition and Dietetics</Title><ISOAbbreviation>J Acad Nutr
        Diet</ISOAbbreviation></Journal><ArticleTitle>School Lunch Entr&#xe9;es Before
        and After Implementation of the Healthy, Hunger-Free Kids Act of 2010.</ArticleTitle><Pagination><StartPage>490</StartPage><EndPage>499</EndPage><MedlinePgn>490-499</MedlinePgn></Pagination><ELocationID
        EIdType="doi" ValidYN="Y">10.1016/j.jand.2018.09.009</ELocationID><ELocationID
        EIdType="pii" ValidYN="Y">S2212-2672(18)31975-0</ELocationID><Abstract><AbstractText
        Label="BACKGROUND">The Healthy, Hunger-Free Kids Act (HHFKA) 2010 updated
        standards to increase the nutritional quality of school meals. Studies of
        HHFKA outcomes have focused primarily on fruit and vegetables, nutrient quality
        of whole meals, and plate waste.</AbstractText><AbstractText Label="OBJECTIVE">To
        examine changes in school lunch entr&#xe9;e nutrient quality and student selections
        after HHFKA implementation.</AbstractText><AbstractText Label="DESIGN">Descriptive,
        longitudinal study analyzing 1.7 million student-selected lunch entr&#xe9;es
        in eight entr&#xe9;e categories.</AbstractText><AbstractText Label="PARTICIPANTS/SETTING">Three
        middle schools and three high schools in an urban school district in Washington
        State, from January 2011 to January 2014 (16 months before and 15 months after
        HHFKA implementation).</AbstractText><AbstractText Label="MAIN OUTCOME MEASURES">Nutritional
        quality of each entr&#xe9;e category was assessed by analyzing mean adequacy
        ratio, energy density, and energy per serving. Selection was determined by
        analyzing number of entr&#xe9;es in each category selected by students.</AbstractText><AbstractText
        Label="STATISTICAL ANALYSES PERFORMED">Comparison of indices of pre- and postimplementation
        nutritional quality using a combination of Wilcoxon two-sample test with t
        approximation and a two-sided alternative t test assuming equal variances
        and t test assuming unequal variances using Satterthwaite approximation. Quantity
        of entr&#xe9;e categories selected was also determined by Satterthwaite approximation.</AbstractText><AbstractText
        Label="RESULTS">After implementation, there was significant improvement in
        mean adequacy ratio and energy per serving overall for all entr&#xe9;es combined.
        There were significant improvements in both mean adequacy ratio and energy
        per serving for salads, burritos, and pizza in middle schools and for hot
        sandwiches and burritos in high schools. For energy density, middle schools
        also had significant decreases for casseroles and salads, with no significant
        changes found in high schools. The variety of entr&#xe9;es decreased by 44%,
        and there were significant changes in the proportions of entr&#xe9;es selected
        from specific food categories.</AbstractText><AbstractText Label="CONCLUSION">Nutritional
        quality of lunch entr&#xe9;es, variety of entr&#xe9;es available, and student
        entr&#xe9;e selections changed after implementation of HHFKA policy in one
        urban school district in Washington State.</AbstractText><CopyrightInformation>Copyright
        &#xa9; 2019 Academy of Nutrition and Dietetics. Published by Elsevier Inc.
        All rights reserved.</CopyrightInformation></Abstract><AuthorList CompleteYN="Y"><Author
        ValidYN="Y"><LastName>Mozer</LastName><ForeName>Lauren</ForeName><Initials>L</Initials></Author><Author
        ValidYN="Y"><LastName>Johnson</LastName><ForeName>Donna B</ForeName><Initials>DB</Initials></Author><Author
        ValidYN="Y"><LastName>Podrabsky</LastName><ForeName>Mary</ForeName><Initials>M</Initials></Author><Author
        ValidYN="Y"><LastName>Rocha</LastName><ForeName>Anita</ForeName><Initials>A</Initials></Author></AuthorList><Language>eng</Language><PublicationTypeList><PublicationType
        UI="D016428">Journal Article</PublicationType><PublicationType UI="D013485">Research
        Support, Non-U.S. Gov''t</PublicationType><PublicationType UI="D013486">Research
        Support, U.S. Gov''t, Non-P.H.S.</PublicationType></PublicationTypeList><ArticleDate
        DateType="Electronic"><Year>2018</Year><Month>11</Month><Day>23</Day></ArticleDate></Article><MedlineJournalInfo><Country>United
        States</Country><MedlineTA>J Acad Nutr Diet</MedlineTA><NlmUniqueID>101573920</NlmUniqueID><ISSNLinking>2212-2672</ISSNLinking></MedlineJournalInfo><CitationSubset>IM</CitationSubset><MeshHeadingList><MeshHeading><DescriptorName
        UI="D000293" MajorTopicYN="N">Adolescent</DescriptorName></MeshHeading><MeshHeading><DescriptorName
        UI="D002648" MajorTopicYN="N">Child</DescriptorName></MeshHeading><MeshHeading><DescriptorName
        UI="D005260" MajorTopicYN="N">Female</DescriptorName></MeshHeading><MeshHeading><DescriptorName
        UI="D005518" MajorTopicYN="N">Food Preferences</DescriptorName><QualifierName
        UI="Q000523" MajorTopicYN="N">psychology</QualifierName></MeshHeading><MeshHeading><DescriptorName
        UI="D005522" MajorTopicYN="N">Food Services</DescriptorName><QualifierName
        UI="Q000331" MajorTopicYN="N">legislation &amp; jurisprudence</QualifierName><QualifierName
        UI="Q000706" MajorTopicYN="Y">statistics &amp; numerical data</QualifierName></MeshHeading><MeshHeading><DescriptorName
        UI="D006284" MajorTopicYN="N">Health Plan Implementation</DescriptorName><QualifierName
        UI="Q000706" MajorTopicYN="Y">statistics &amp; numerical data</QualifierName></MeshHeading><MeshHeading><DescriptorName
        UI="D006801" MajorTopicYN="N">Humans</DescriptorName></MeshHeading><MeshHeading><DescriptorName
        UI="D006815" MajorTopicYN="N">Hunger</DescriptorName></MeshHeading><MeshHeading><DescriptorName
        UI="D008137" MajorTopicYN="N">Longitudinal Studies</DescriptorName></MeshHeading><MeshHeading><DescriptorName
        UI="D062409" MajorTopicYN="N">Lunch</DescriptorName></MeshHeading><MeshHeading><DescriptorName
        UI="D008297" MajorTopicYN="N">Male</DescriptorName></MeshHeading><MeshHeading><DescriptorName
        UI="D018673" MajorTopicYN="N">Nutrition Policy</DescriptorName><QualifierName
        UI="Q000331" MajorTopicYN="Y">legislation &amp; jurisprudence</QualifierName></MeshHeading><MeshHeading><DescriptorName
        UI="D009753" MajorTopicYN="N">Nutritive Value</DescriptorName></MeshHeading><MeshHeading><DescriptorName
        UI="D012572" MajorTopicYN="N">School Health Services</DescriptorName><QualifierName
        UI="Q000331" MajorTopicYN="Y">legislation &amp; jurisprudence</QualifierName></MeshHeading><MeshHeading><DescriptorName
        UI="D013334" MajorTopicYN="N">Students</DescriptorName><QualifierName UI="Q000523"
        MajorTopicYN="N">psychology</QualifierName><QualifierName UI="Q000706" MajorTopicYN="Y">statistics
        &amp; numerical data</QualifierName></MeshHeading><MeshHeading><DescriptorName
        UI="D014861" MajorTopicYN="N" Type="Geographic">Washington</DescriptorName></MeshHeading></MeshHeadingList><KeywordList
        Owner="NOTNLM"><Keyword MajorTopicYN="N">Food industry</Keyword><Keyword MajorTopicYN="N">Healthy,
        Hunger-Free Kids Act</Keyword><Keyword MajorTopicYN="N">Lunch entr&#xe9;es</Keyword><Keyword
        MajorTopicYN="N">School nutrition</Keyword><Keyword MajorTopicYN="N">Student
        selection</Keyword></KeywordList></MedlineCitation><PubmedData><History><PubMedPubDate
        PubStatus="received"><Year>2017</Year><Month>9</Month><Day>20</Day></PubMedPubDate><PubMedPubDate
        PubStatus="accepted"><Year>2018</Year><Month>9</Month><Day>12</Day></PubMedPubDate><PubMedPubDate
        PubStatus="pubmed"><Year>2018</Year><Month>11</Month><Day>27</Day><Hour>6</Hour><Minute>0</Minute></PubMedPubDate><PubMedPubDate
        PubStatus="medline"><Year>2020</Year><Month>1</Month><Day>15</Day><Hour>6</Hour><Minute>0</Minute></PubMedPubDate><PubMedPubDate
        PubStatus="entrez"><Year>2018</Year><Month>11</Month><Day>27</Day><Hour>6</Hour><Minute>0</Minute></PubMedPubDate></History><PublicationStatus>ppublish</PublicationStatus><ArticleIdList><ArticleId
        IdType="pubmed">30473488</ArticleId><ArticleId IdType="doi">10.1016/j.jand.2018.09.009</ArticleId><ArticleId
        IdType="pii">S2212-2672(18)31975-0</ArticleId></ArticleIdList></PubmedData></PubmedArticle><PubmedArticle><MedlineCitation
        Status="MEDLINE" Owner="NLM"><PMID Version="1">16865905</PMID><DateCompleted><Year>2006</Year><Month>08</Month><Day>21</Day></DateCompleted><DateRevised><Year>2023</Year><Month>03</Month><Day>07</Day></DateRevised><Article
        PubModel="Print"><Journal><ISSN IssnType="Print">0362-028X</ISSN><JournalIssue
        CitedMedium="Print"><Volume>69</Volume><Issue>7</Issue><PubDate><Year>2006</Year><Month>Jul</Month></PubDate></JournalIssue><Title>Journal
        of food protection</Title><ISOAbbreviation>J Food Prot</ISOAbbreviation></Journal><ArticleTitle>Mysterious
        outbreaks of gastrointestinal illness associated with burritos supplied through
        school lunch programs.</ArticleTitle><Pagination><StartPage>1690</StartPage><EndPage>1698</EndPage><MedlinePgn>1690-8</MedlinePgn></Pagination><Abstract><AbstractText>From
        October 1997 through March 1998, three outbreaks of gastrointestinal illness
        among school children were linked to company A burritos. In September 1998,
        a similar outbreak occurred in three North Dakota schools following lunches
        that included company B burritos. We conducted an investigation to determine
        the source of the North Dakota outbreak, identify other similar outbreaks,
        characterize the illness, and gather evidence about the cause. The investigation
        included epidemiologic analyses, environmental investigation, and laboratory
        analyses. In North Dakota, a case was defined as nausea, headache, abdominal
        cramps, vomiting, or diarrhea after lunch on 16 September 1998. Case definitions
        varied in the other states. In North Dakota, 504 students and staff met the
        case definition; predominant symptoms were nausea (72%), headache (68%), abdominal
        cramps (54%), vomiting (24%), and diarrhea (16%). The median incubation period
        was 35 min and median duration of illness was 6 h. Eating burritos was significantly
        associated with illness (odds ratio, 2.6; 95% confidence interval, 1.6 to
        4.2). We identified 16 outbreaks that occurred in seven states from October
        1997 through October 1998, affecting more than 1,900 people who ate burritos
        from two unrelated companies. All tortillas were made with wheat flour, but
        the fillings differed, suggesting that tortillas contained the etiologic agent.
        Results of plant inspections, tracebacks, and laboratory investigations were
        unrevealing. More than two million pounds of burritos were recalled or held
        from distribution. The short incubation period, symptoms, and laboratory data
        suggest that these outbreaks were caused by an undetected toxin or an agent
        not previously associated with this clinical syndrome. Mass psychogenic illness
        is an unlikely explanation because of the large number of sites where outbreaks
        occurred over a short period, the similarity of symptoms, the common food
        item, the lack of publicity, and the link to only two companies. A network
        of laboratories that can rapidly identify known and screen for unknown agents
        in food is a critical part of protecting the food supply against natural and
        intentional contamination.</AbstractText></Abstract><AuthorList CompleteYN="Y"><Author
        ValidYN="Y"><LastName>Steinberg</LastName><ForeName>Ellen B</ForeName><Initials>EB</Initials><AffiliationInfo><Affiliation>Foodborne
        and Diarrheal Diseases Branch, Division of Bacterial and Mycotic Diseases,
        National Center for Infectious Diseases, Centers for Disease Control and Prevention,
        Atlanta, Georgia 30333, USA. ellen.stevenson@choa.org</Affiliation></AffiliationInfo></Author><Author
        ValidYN="Y"><LastName>Henderson</LastName><ForeName>Alden</ForeName><Initials>A</Initials></Author><Author
        ValidYN="Y"><LastName>Karpati</LastName><ForeName>Adam</ForeName><Initials>A</Initials></Author><Author
        ValidYN="Y"><LastName>Hoekstra</LastName><ForeName>Mike</ForeName><Initials>M</Initials></Author><Author
        ValidYN="Y"><LastName>Marano</LastName><ForeName>Nina</ForeName><Initials>N</Initials></Author><Author
        ValidYN="Y"><LastName>Souza</LastName><ForeName>Jennifer Martinelli</ForeName><Initials>JM</Initials></Author><Author
        ValidYN="Y"><LastName>Simons</LastName><ForeName>Meg</ForeName><Initials>M</Initials></Author><Author
        ValidYN="Y"><LastName>Kruger</LastName><ForeName>Kirby</ForeName><Initials>K</Initials></Author><Author
        ValidYN="Y"><LastName>Giroux</LastName><ForeName>Jennifer</ForeName><Initials>J</Initials></Author><Author
        ValidYN="Y"><LastName>Rogers</LastName><ForeName>Helen S</ForeName><Initials>HS</Initials></Author><Author
        ValidYN="Y"><LastName>Hoffman</LastName><ForeName>Michael K</ForeName><Initials>MK</Initials></Author><Author
        ValidYN="Y"><LastName>Kadry</LastName><ForeName>Abdel-Razak M</ForeName><Initials>AR</Initials></Author><Author
        ValidYN="Y"><LastName>Griffin</LastName><ForeName>Patricia M</ForeName><Initials>PM</Initials></Author><Author
        ValidYN="Y"><CollectiveName>Burrito Working Group</CollectiveName></Author></AuthorList><Language>eng</Language><PublicationTypeList><PublicationType
        UI="D016428">Journal Article</PublicationType></PublicationTypeList></Article><MedlineJournalInfo><Country>United
        States</Country><MedlineTA>J Food Prot</MedlineTA><NlmUniqueID>7703944</NlmUniqueID><ISSNLinking>0362-028X</ISSNLinking></MedlineJournalInfo><CitationSubset>IM</CitationSubset><MeshHeadingList><MeshHeading><DescriptorName
        UI="D002648" MajorTopicYN="N">Child</DescriptorName></MeshHeading><MeshHeading><DescriptorName
        UI="D015331" MajorTopicYN="N">Cohort Studies</DescriptorName></MeshHeading><MeshHeading><DescriptorName
        UI="D004196" MajorTopicYN="N">Disease Outbreaks</DescriptorName></MeshHeading><MeshHeading><DescriptorName
        UI="D005260" MajorTopicYN="N">Female</DescriptorName></MeshHeading><MeshHeading><DescriptorName
        UI="D005506" MajorTopicYN="N">Food Contamination</DescriptorName><QualifierName
        UI="Q000032" MajorTopicYN="Y">analysis</QualifierName></MeshHeading><MeshHeading><DescriptorName
        UI="D005516" MajorTopicYN="N">Food Microbiology</DescriptorName></MeshHeading><MeshHeading><DescriptorName
        UI="D005522" MajorTopicYN="Y">Food Services</DescriptorName></MeshHeading><MeshHeading><DescriptorName
        UI="D005759" MajorTopicYN="N">Gastroenteritis</DescriptorName><QualifierName
        UI="Q000453" MajorTopicYN="Y">epidemiology</QualifierName><QualifierName UI="Q000473"
        MajorTopicYN="N">pathology</QualifierName></MeshHeading><MeshHeading><DescriptorName
        UI="D006801" MajorTopicYN="N">Humans</DescriptorName></MeshHeading><MeshHeading><DescriptorName
        UI="D008297" MajorTopicYN="N">Male</DescriptorName></MeshHeading><MeshHeading><DescriptorName
        UI="D009658" MajorTopicYN="N" Type="Geographic">North Dakota</DescriptorName><QualifierName
        UI="Q000453" MajorTopicYN="N">epidemiology</QualifierName></MeshHeading><MeshHeading><DescriptorName
        UI="D016017" MajorTopicYN="N">Odds Ratio</DescriptorName></MeshHeading><MeshHeading><DescriptorName
        UI="D012189" MajorTopicYN="N">Retrospective Studies</DescriptorName></MeshHeading><MeshHeading><DescriptorName
        UI="D012574" MajorTopicYN="Y">Schools</DescriptorName></MeshHeading></MeshHeadingList></MedlineCitation><PubmedData><History><PubMedPubDate
        PubStatus="pubmed"><Year>2006</Year><Month>7</Month><Day>27</Day><Hour>9</Hour><Minute>0</Minute></PubMedPubDate><PubMedPubDate
        PubStatus="medline"><Year>2006</Year><Month>8</Month><Day>22</Day><Hour>9</Hour><Minute>0</Minute></PubMedPubDate><PubMedPubDate
        PubStatus="entrez"><Year>2006</Year><Month>7</Month><Day>27</Day><Hour>9</Hour><Minute>0</Minute></PubMedPubDate></History><PublicationStatus>ppublish</PublicationStatus><ArticleIdList><ArticleId
        IdType="pubmed">16865905</ArticleId><ArticleId IdType="doi">10.4315/0362-028x-69.7.1690</ArticleId><ArticleId
        IdType="pii">S0362-028X(22)07508-1</ArticleId></ArticleIdList></PubmedData></PubmedArticle><PubmedArticle><MedlineCitation
        Status="MEDLINE" Owner="NLM"><PMID Version="1">16410761</PMID><DateCompleted><Year>2006</Year><Month>01</Month><Day>26</Day></DateCompleted><DateRevised><Year>2009</Year><Month>11</Month><Day>19</Day></DateRevised><Article
        PubModel="Print"><Journal><ISSN IssnType="Electronic">1545-861X</ISSN><JournalIssue
        CitedMedium="Internet"><Volume>55</Volume><Issue>1</Issue><PubDate><Year>2006</Year><Month>Jan</Month><Day>13</Day></PubDate></JournalIssue><Title>MMWR.
        Morbidity and mortality weekly report</Title><ISOAbbreviation>MMWR Morb Mortal
        Wkly Rep</ISOAbbreviation></Journal><ArticleTitle>Multiple outbreaks of gastrointestinal
        illness among school children associated with consumption of flour tortillas--Massachusetts,
        2003-2004.</ArticleTitle><Pagination><StartPage>8</StartPage><EndPage>11</EndPage><MedlinePgn>8-11</MedlinePgn></Pagination><Abstract><AbstractText>Ten
        outbreaks of gastrointestinal illness among school children at nine different
        schools were reported during February 2003-May 2004 to the Massachusetts Department
        of Public Health (MDPH). These outbreaks occurred among children who ate lunch
        provided by the schools and were characterized by short incubation periods
        and short durations of illness. The clinical and epidemiologic characteristics
        of the outbreaks were similar to those of previously reported outbreaks of
        vomiting associated with burritos served at multiple schools in the United
        States in 1997-1998. Epidemiologic investigation of the 1997-1998 outbreaks
        implicated burritos made with flour tortillas as the suspect vehicle; no etiologic
        agent was identified, but symptoms suggested either a biotoxin or chemical
        agent. This report describes epidemiologic and laboratory findings from three
        of the 10 outbreaks in Massachusetts. Consumption of flour tortillas from
        a single manufacturer was significantly associated with illness. Preliminary
        results indicated elevated levels, relative to common industry practices,
        of potassium bromate and calcium propionate in the implicated tortillas. School
        officials should be aware of the need for rapid action during outbreaks with
        short incubation periods and short durations and should notify local and state
        health officials immediately to ensure rapid response and collection of epidemiologic
        information, clinical specimens, and food samples.</AbstractText></Abstract><AuthorList
        CompleteYN="Y"><Author ValidYN="Y"><CollectiveName>Centers for Disease Control
        and Prevention (CDC)</CollectiveName></Author></AuthorList><Language>eng</Language><PublicationTypeList><PublicationType
        UI="D016428">Journal Article</PublicationType></PublicationTypeList></Article><MedlineJournalInfo><Country>United
        States</Country><MedlineTA>MMWR Morb Mortal Wkly Rep</MedlineTA><NlmUniqueID>7802429</NlmUniqueID><ISSNLinking>0149-2195</ISSNLinking></MedlineJournalInfo><CitationSubset>IM</CitationSubset><MeshHeadingList><MeshHeading><DescriptorName
        UI="D001939" MajorTopicYN="N">Bread</DescriptorName></MeshHeading><MeshHeading><DescriptorName
        UI="D002648" MajorTopicYN="N">Child</DescriptorName></MeshHeading><MeshHeading><DescriptorName
        UI="D004196" MajorTopicYN="N">Disease Outbreaks</DescriptorName></MeshHeading><MeshHeading><DescriptorName
        UI="D005522" MajorTopicYN="Y">Food Services</DescriptorName></MeshHeading><MeshHeading><DescriptorName
        UI="D005517" MajorTopicYN="N">Foodborne Diseases</DescriptorName><QualifierName
        UI="Q000453" MajorTopicYN="Y">epidemiology</QualifierName></MeshHeading><MeshHeading><DescriptorName
        UI="D005767" MajorTopicYN="N">Gastrointestinal Diseases</DescriptorName><QualifierName
        UI="Q000453" MajorTopicYN="Y">epidemiology</QualifierName></MeshHeading><MeshHeading><DescriptorName
        UI="D006801" MajorTopicYN="N">Humans</DescriptorName></MeshHeading><MeshHeading><DescriptorName
        UI="D008404" MajorTopicYN="N" Type="Geographic">Massachusetts</DescriptorName><QualifierName
        UI="Q000453" MajorTopicYN="N">epidemiology</QualifierName></MeshHeading><MeshHeading><DescriptorName
        UI="D012574" MajorTopicYN="Y">Schools</DescriptorName></MeshHeading></MeshHeadingList></MedlineCitation><PubmedData><History><PubMedPubDate
        PubStatus="pubmed"><Year>2006</Year><Month>1</Month><Day>18</Day><Hour>9</Hour><Minute>0</Minute></PubMedPubDate><PubMedPubDate
        PubStatus="medline"><Year>2006</Year><Month>1</Month><Day>27</Day><Hour>9</Hour><Minute>0</Minute></PubMedPubDate><PubMedPubDate
        PubStatus="entrez"><Year>2006</Year><Month>1</Month><Day>18</Day><Hour>9</Hour><Minute>0</Minute></PubMedPubDate></History><PublicationStatus>ppublish</PublicationStatus><ArticleIdList><ArticleId
        IdType="pubmed">16410761</ArticleId><ArticleId IdType="pii">mm5501a3</ArticleId></ArticleIdList></PubmedData></PubmedArticle></PubmedArticleSet>'
    headers:
      Access-Control-Allow-Origin:
      - '*'
      Access-Control-Expose-Headers:
      - X-RateLimit-Limit,X-RateLimit-Remaining
      Cache-Control:
      - private
      Connection:
      - Keep-Alive
      Content-Security-Policy:
      - upgrade-insecure-requests
      Content-Type:
      - text/xml; charset=UTF-8
      Date:
      - Thu, 05 Sep 2024 22:58:30 GMT
      Keep-Alive:
      - timeout=4, max=40
      NCBI-PHID:
      - 322CCF3C14420015000035F2AC2B1E9C.1.1.m_3
      NCBI-SID:
      - 300B441EADF622FA_8955SID
      Referrer-Policy:
      - origin-when-cross-origin
      Server:
      - Finatra
      Set-Cookie:
      - ncbi_sid=300B441EADF622FA_8955SID; domain=.nih.gov; path=/; expires=Fri, 05
        Sep 2025 22:58:30 GMT
      Strict-Transport-Security:
      - max-age=31536000; includeSubDomains; preload
      Transfer-Encoding:
      - chunked
      X-RateLimit-Limit:
      - '10'
      X-RateLimit-Remaining:
      - '6'
      X-UA-Compatible:
      - IE=Edge
      X-XSS-Protection:
      - 1; mode=block
      content-encoding:
      - gzip
    status:
      code: 200
      message: OK
- request:
    body: db=pubmed&retmode=xml&term=burritos+school+lunch+gastrointestinal&api_key=<omitted>&rettype=count
    headers:
      Accept:
      - application/json
      Accept-Encoding:
      - gzip, deflate
      Connection:
      - keep-alive
      Content-Length:
      - '124'
      Content-Type:
      - application/x-www-form-urlencoded
      User-Agent:
      - hawc
    method: POST
    uri: https://eutils.ncbi.nlm.nih.gov/entrez/eutils/esearch.fcgi
  response:
    body:
      string: "<?xml version=\"1.0\" encoding=\"UTF-8\" ?>\n<!DOCTYPE eSearchResult
        PUBLIC \"-//NLM//DTD esearch 20060628//EN\" \"https://eutils.ncbi.nlm.nih.gov/eutils/dtd/20060628/esearch.dtd\">\n<eSearchResult>\n\t<Count>2</Count>\n</eSearchResult>\n"
    headers:
      Access-Control-Allow-Origin:
      - '*'
      Access-Control-Expose-Headers:
      - X-RateLimit-Limit,X-RateLimit-Remaining
      Cache-Control:
      - private
      Connection:
      - Keep-Alive
      Content-Security-Policy:
      - upgrade-insecure-requests
      Content-Type:
      - text/xml; charset=UTF-8
      Date:
      - Thu, 05 Sep 2024 22:58:30 GMT
      Keep-Alive:
      - timeout=4, max=40
      NCBI-PHID:
      - D0BD9D8EE5AB4CE5000029EDBDCD37B4.1.1.m_1
      NCBI-SID:
      - C3B3B2B1D3C185E3_5CF2SID
      Referrer-Policy:
      - origin-when-cross-origin
      Server:
      - Finatra
      Set-Cookie:
      - ncbi_sid=C3B3B2B1D3C185E3_5CF2SID; domain=.nih.gov; path=/; expires=Fri, 05
        Sep 2025 22:58:31 GMT
      Strict-Transport-Security:
      - max-age=31536000; includeSubDomains; preload
      Transfer-Encoding:
      - chunked
      X-RateLimit-Limit:
      - '10'
      X-RateLimit-Remaining:
      - '6'
      X-UA-Compatible:
      - IE=Edge
      X-XSS-Protection:
      - 1; mode=block
      content-encoding:
      - gzip
    status:
      code: 200
      message: OK
- request:
    body: db=pubmed&retmode=xml&term=burritos+school+lunch+gastrointestinal&api_key=<omitted>&retmax=5000&retstart=0
    headers:
      Accept:
      - application/json
      Accept-Encoding:
      - gzip, deflate
      Connection:
      - keep-alive
      Content-Length:
      - '133'
      Content-Type:
      - application/x-www-form-urlencoded
      Cookie:
      - ncbi_sid=C3B3B2B1D3C185E3_5CF2SID
      User-Agent:
      - hawc
    method: POST
    uri: https://eutils.ncbi.nlm.nih.gov/entrez/eutils/esearch.fcgi
  response:
    body:
      string: "<?xml version=\"1.0\" encoding=\"UTF-8\" ?>\n<!DOCTYPE eSearchResult
        PUBLIC \"-//NLM//DTD esearch 20060628//EN\" \"https://eutils.ncbi.nlm.nih.gov/eutils/dtd/20060628/esearch.dtd\">\n<eSearchResult>\n<Count>2</Count><RetMax>2</RetMax><RetStart>0</RetStart>\n<IdList>\n\t<Id>16865905</Id>\n\t<Id>16410761</Id>\n</IdList>\n<TranslationSet><Translation>
        \    <From>school</From>     <To>\"educational status\"[MeSH Terms] OR (\"educational\"[All
        Fields] AND \"status\"[All Fields]) OR \"educational status\"[All Fields]
        OR \"schooling\"[All Fields] OR \"education\"[MeSH Terms] OR \"education\"[All
        Fields] OR \"school's\"[All Fields] OR \"schooled\"[All Fields] OR \"schools\"[MeSH
        Terms] OR \"schools\"[All Fields] OR \"school\"[All Fields]</To>    </Translation><Translation>
        \    <From>lunch</From>     <To>\"lunch\"[MeSH Terms] OR \"lunch\"[All Fields]
        OR \"lunches\"[All Fields] OR \"lunching\"[All Fields]</To>    </Translation><Translation>
        \    <From>gastrointestinal</From>     <To>\"gastrointestinal\"[All Fields]
        OR \"gastrointestinally\"[All Fields] OR \"gastrointestine\"[All Fields]</To>
        \   </Translation></TranslationSet><QueryTranslation>\"burritos\"[All Fields]
        AND (\"educational status\"[MeSH Terms] OR (\"educational\"[All Fields] AND
        \"status\"[All Fields]) OR \"educational status\"[All Fields] OR \"schooling\"[All
        Fields] OR \"education\"[MeSH Terms] OR \"education\"[All Fields] OR \"school
        s\"[All Fields] OR \"schooled\"[All Fields] OR \"schools\"[MeSH Terms] OR
        \"schools\"[All Fields] OR \"school\"[All Fields]) AND (\"lunch\"[MeSH Terms]
        OR \"lunch\"[All Fields] OR \"lunches\"[All Fields] OR \"lunching\"[All Fields])
        AND (\"gastrointestinal\"[All Fields] OR \"gastrointestinally\"[All Fields]
        OR \"gastrointestine\"[All Fields])</QueryTranslation>\n\n</eSearchResult>\n"
    headers:
      Access-Control-Allow-Origin:
      - '*'
      Access-Control-Expose-Headers:
      - X-RateLimit-Limit,X-RateLimit-Remaining
      Cache-Control:
      - private
      Connection:
      - Keep-Alive
      Content-Security-Policy:
      - upgrade-insecure-requests
      Content-Type:
      - text/xml; charset=UTF-8
      Date:
      - Thu, 05 Sep 2024 22:58:30 GMT
      Keep-Alive:
      - timeout=4, max=40
      NCBI-PHID:
      - D0BD9D8EE5AB4CE5000046EDBE86B8C5.1.1.m_1
      NCBI-SID:
      - C3B3B2B1D3C185E3_5CF2SID
      Referrer-Policy:
      - origin-when-cross-origin
      Server:
      - Finatra
      Set-Cookie:
      - ncbi_sid=C3B3B2B1D3C185E3_5CF2SID; domain=.nih.gov; path=/; expires=Fri, 05
        Sep 2025 22:58:31 GMT
      Strict-Transport-Security:
      - max-age=31536000; includeSubDomains; preload
      Transfer-Encoding:
      - chunked
      X-RateLimit-Limit:
      - '10'
      X-RateLimit-Remaining:
      - '6'
      X-UA-Compatible:
      - IE=Edge
      X-XSS-Protection:
      - 1; mode=block
      content-encoding:
      - gzip
    status:
      code: 200
      message: OK
- request:
    body: db=pubmed&retmode=xml&term=burritos+school+lunch&api_key=<omitted>&rettype=count
    headers:
      Accept:
      - application/json
      Accept-Encoding:
      - gzip, deflate
      Connection:
      - keep-alive
      Content-Length:
      - '107'
      Content-Type:
      - application/x-www-form-urlencoded
      User-Agent:
      - hawc
    method: POST
    uri: https://eutils.ncbi.nlm.nih.gov/entrez/eutils/esearch.fcgi
  response:
    body:
      string: "<?xml version=\"1.0\" encoding=\"UTF-8\" ?>\n<!DOCTYPE eSearchResult
        PUBLIC \"-//NLM//DTD esearch 20060628//EN\" \"https://eutils.ncbi.nlm.nih.gov/eutils/dtd/20060628/esearch.dtd\">\n<eSearchResult>\n\t<Count>3</Count>\n</eSearchResult>\n"
    headers:
      Access-Control-Allow-Origin:
      - '*'
      Access-Control-Expose-Headers:
      - X-RateLimit-Limit,X-RateLimit-Remaining
      Cache-Control:
      - private
      Connection:
      - Keep-Alive
      Content-Security-Policy:
      - upgrade-insecure-requests
      Content-Type:
      - text/xml; charset=UTF-8
      Date:
      - Thu, 05 Sep 2024 22:58:30 GMT
      Keep-Alive:
      - timeout=4, max=40
      NCBI-PHID:
      - 939B82323C968185000045C2168FC330.1.1.m_1
      NCBI-SID:
      - 15B43D2782165B93_7C65SID
      Referrer-Policy:
      - origin-when-cross-origin
      Server:
      - Finatra
      Set-Cookie:
      - ncbi_sid=15B43D2782165B93_7C65SID; domain=.nih.gov; path=/; expires=Fri, 05
        Sep 2025 22:58:31 GMT
      Strict-Transport-Security:
      - max-age=31536000; includeSubDomains; preload
      Transfer-Encoding:
      - chunked
      X-RateLimit-Limit:
      - '10'
      X-RateLimit-Remaining:
      - '6'
      X-UA-Compatible:
      - IE=Edge
      X-XSS-Protection:
      - 1; mode=block
      content-encoding:
      - gzip
    status:
      code: 200
      message: OK
- request:
    body: db=pubmed&retmode=xml&term=burritos+school+lunch&api_key=<omitted>&retmax=5000&retstart=0
    headers:
      Accept:
      - application/json
      Accept-Encoding:
      - gzip, deflate
      Connection:
      - keep-alive
      Content-Length:
      - '116'
      Content-Type:
      - application/x-www-form-urlencoded
      Cookie:
      - ncbi_sid=15B43D2782165B93_7C65SID
      User-Agent:
      - hawc
    method: POST
    uri: https://eutils.ncbi.nlm.nih.gov/entrez/eutils/esearch.fcgi
  response:
    body:
      string: "<?xml version=\"1.0\" encoding=\"UTF-8\" ?>\n<!DOCTYPE eSearchResult
        PUBLIC \"-//NLM//DTD esearch 20060628//EN\" \"https://eutils.ncbi.nlm.nih.gov/eutils/dtd/20060628/esearch.dtd\">\n<eSearchResult>\n<Count>3</Count><RetMax>3</RetMax><RetStart>0</RetStart>\n<IdList>\n\t<Id>30473488</Id>\n\t<Id>16865905</Id>\n\t<Id>16410761</Id>\n</IdList>\n<TranslationSet><Translation>
        \    <From>school</From>     <To>\"educational status\"[MeSH Terms] OR (\"educational\"[All
        Fields] AND \"status\"[All Fields]) OR \"educational status\"[All Fields]
        OR \"schooling\"[All Fields] OR \"education\"[MeSH Terms] OR \"education\"[All
        Fields] OR \"school's\"[All Fields] OR \"schooled\"[All Fields] OR \"schools\"[MeSH
        Terms] OR \"schools\"[All Fields] OR \"school\"[All Fields]</To>    </Translation><Translation>
        \    <From>lunch</From>     <To>\"lunch\"[MeSH Terms] OR \"lunch\"[All Fields]
        OR \"lunches\"[All Fields] OR \"lunching\"[All Fields]</To>    </Translation></TranslationSet><QueryTranslation>\"burritos\"[All
        Fields] AND (\"educational status\"[MeSH Terms] OR (\"educational\"[All Fields]
        AND \"status\"[All Fields]) OR \"educational status\"[All Fields] OR \"schooling\"[All
        Fields] OR \"education\"[MeSH Terms] OR \"education\"[All Fields] OR \"school
        s\"[All Fields] OR \"schooled\"[All Fields] OR \"schools\"[MeSH Terms] OR
        \"schools\"[All Fields] OR \"school\"[All Fields]) AND (\"lunch\"[MeSH Terms]
        OR \"lunch\"[All Fields] OR \"lunches\"[All Fields] OR \"lunching\"[All Fields])</QueryTranslation>\n\n</eSearchResult>\n"
    headers:
      Access-Control-Allow-Origin:
      - '*'
      Access-Control-Expose-Headers:
      - X-RateLimit-Limit,X-RateLimit-Remaining
      Cache-Control:
      - private
      Connection:
      - Keep-Alive
      Content-Security-Policy:
      - upgrade-insecure-requests
      Content-Type:
      - text/xml; charset=UTF-8
      Date:
      - Thu, 05 Sep 2024 22:58:31 GMT
      Keep-Alive:
      - timeout=4, max=40
      NCBI-PHID:
      - D0BD9D8EE5AB4CE5000059EDC0CAA511.1.1.m_1
      NCBI-SID:
      - 15B43D2782165B93_7C65SID
      Referrer-Policy:
      - origin-when-cross-origin
      Server:
      - Finatra
      Set-Cookie:
      - ncbi_sid=15B43D2782165B93_7C65SID; domain=.nih.gov; path=/; expires=Fri, 05
        Sep 2025 22:58:32 GMT
      Strict-Transport-Security:
      - max-age=31536000; includeSubDomains; preload
      Transfer-Encoding:
      - chunked
      X-RateLimit-Limit:
      - '10'
      X-RateLimit-Remaining:
      - '6'
      X-UA-Compatible:
      - IE=Edge
      X-XSS-Protection:
      - 1; mode=block
      content-encoding:
      - gzip
    status:
      code: 200
      message: OK
- request:
    body: db=pubmed&retmode=xml&term=burritos+school+lunch+gastrointestinal&api_key=<omitted>&rettype=count
    headers:
      Accept:
      - application/json
      Accept-Encoding:
      - gzip, deflate
      Connection:
      - keep-alive
      Content-Length:
      - '124'
      Content-Type:
      - application/x-www-form-urlencoded
      User-Agent:
      - hawc
    method: POST
    uri: https://eutils.ncbi.nlm.nih.gov/entrez/eutils/esearch.fcgi
  response:
    body:
      string: "<?xml version=\"1.0\" encoding=\"UTF-8\" ?>\n<!DOCTYPE eSearchResult
        PUBLIC \"-//NLM//DTD esearch 20060628//EN\" \"https://eutils.ncbi.nlm.nih.gov/eutils/dtd/20060628/esearch.dtd\">\n<eSearchResult>\n\t<Count>2</Count>\n</eSearchResult>\n"
    headers:
      Access-Control-Allow-Origin:
      - '*'
      Access-Control-Expose-Headers:
      - X-RateLimit-Limit,X-RateLimit-Remaining
      Cache-Control:
      - private
      Connection:
      - Keep-Alive
      Content-Security-Policy:
      - upgrade-insecure-requests
      Content-Type:
      - text/xml; charset=UTF-8
      Date:
      - Thu, 05 Sep 2024 22:58:32 GMT
      Keep-Alive:
      - timeout=4, max=40
      NCBI-PHID:
      - 322CCF3C1442001500003EF2AE645173.1.1.m_1
      NCBI-SID:
      - A9253BA780307A02_D181SID
      Referrer-Policy:
      - origin-when-cross-origin
      Server:
      - Finatra
      Set-Cookie:
      - ncbi_sid=A9253BA780307A02_D181SID; domain=.nih.gov; path=/; expires=Fri, 05
        Sep 2025 22:58:32 GMT
      Strict-Transport-Security:
      - max-age=31536000; includeSubDomains; preload
      Transfer-Encoding:
      - chunked
      X-RateLimit-Limit:
      - '10'
      X-RateLimit-Remaining:
      - '7'
      X-UA-Compatible:
      - IE=Edge
      X-XSS-Protection:
      - 1; mode=block
      content-encoding:
      - gzip
    status:
      code: 200
      message: OK
- request:
    body: db=pubmed&retmode=xml&term=burritos+school+lunch+gastrointestinal&api_key=<omitted>&retmax=5000&retstart=0
    headers:
      Accept:
      - application/json
      Accept-Encoding:
      - gzip, deflate
      Connection:
      - keep-alive
      Content-Length:
      - '133'
      Content-Type:
      - application/x-www-form-urlencoded
      Cookie:
      - ncbi_sid=A9253BA780307A02_D181SID
      User-Agent:
      - hawc
    method: POST
    uri: https://eutils.ncbi.nlm.nih.gov/entrez/eutils/esearch.fcgi
  response:
    body:
      string: "<?xml version=\"1.0\" encoding=\"UTF-8\" ?>\n<!DOCTYPE eSearchResult
        PUBLIC \"-//NLM//DTD esearch 20060628//EN\" \"https://eutils.ncbi.nlm.nih.gov/eutils/dtd/20060628/esearch.dtd\">\n<eSearchResult>\n<Count>2</Count><RetMax>2</RetMax><RetStart>0</RetStart>\n<IdList>\n\t<Id>16865905</Id>\n\t<Id>16410761</Id>\n</IdList>\n<TranslationSet><Translation>
        \    <From>school</From>     <To>\"educational status\"[MeSH Terms] OR (\"educational\"[All
        Fields] AND \"status\"[All Fields]) OR \"educational status\"[All Fields]
        OR \"schooling\"[All Fields] OR \"education\"[MeSH Terms] OR \"education\"[All
        Fields] OR \"school's\"[All Fields] OR \"schooled\"[All Fields] OR \"schools\"[MeSH
        Terms] OR \"schools\"[All Fields] OR \"school\"[All Fields]</To>    </Translation><Translation>
        \    <From>lunch</From>     <To>\"lunch\"[MeSH Terms] OR \"lunch\"[All Fields]
        OR \"lunches\"[All Fields] OR \"lunching\"[All Fields]</To>    </Translation><Translation>
        \    <From>gastrointestinal</From>     <To>\"gastrointestinal\"[All Fields]
        OR \"gastrointestinally\"[All Fields] OR \"gastrointestine\"[All Fields]</To>
        \   </Translation></TranslationSet><QueryTranslation>\"burritos\"[All Fields]
        AND (\"educational status\"[MeSH Terms] OR (\"educational\"[All Fields] AND
        \"status\"[All Fields]) OR \"educational status\"[All Fields] OR \"schooling\"[All
        Fields] OR \"education\"[MeSH Terms] OR \"education\"[All Fields] OR \"school
        s\"[All Fields] OR \"schooled\"[All Fields] OR \"schools\"[MeSH Terms] OR
        \"schools\"[All Fields] OR \"school\"[All Fields]) AND (\"lunch\"[MeSH Terms]
        OR \"lunch\"[All Fields] OR \"lunches\"[All Fields] OR \"lunching\"[All Fields])
        AND (\"gastrointestinal\"[All Fields] OR \"gastrointestinally\"[All Fields]
        OR \"gastrointestine\"[All Fields])</QueryTranslation>\n\n</eSearchResult>\n"
    headers:
      Access-Control-Allow-Origin:
      - '*'
      Access-Control-Expose-Headers:
      - X-RateLimit-Limit,X-RateLimit-Remaining
      Cache-Control:
      - private
      Connection:
      - Keep-Alive
      Content-Security-Policy:
      - upgrade-insecure-requests
      Content-Type:
      - text/xml; charset=UTF-8
      Date:
      - Thu, 05 Sep 2024 22:58:31 GMT
      Keep-Alive:
      - timeout=4, max=40
      NCBI-PHID:
      - 939B82323C968185000023C219B68CC4.1.1.m_1
      NCBI-SID:
      - A9253BA780307A02_D181SID
      Referrer-Policy:
      - origin-when-cross-origin
      Server:
      - Finatra
      Set-Cookie:
      - ncbi_sid=A9253BA780307A02_D181SID; domain=.nih.gov; path=/; expires=Fri, 05
        Sep 2025 22:58:32 GMT
      Strict-Transport-Security:
      - max-age=31536000; includeSubDomains; preload
      Transfer-Encoding:
      - chunked
      X-RateLimit-Limit:
      - '10'
      X-RateLimit-Remaining:
      - '6'
      X-UA-Compatible:
      - IE=Edge
      X-XSS-Protection:
      - 1; mode=block
      content-encoding:
      - gzip
    status:
      code: 200
      message: OK
- request:
    body: db=pubmed&retmode=xml&term=burritos+school+lunch&api_key=<omitted>&rettype=count
    headers:
      Accept:
      - application/json
      Accept-Encoding:
      - gzip, deflate
      Connection:
      - keep-alive
      Content-Length:
      - '107'
      Content-Type:
      - application/x-www-form-urlencoded
      User-Agent:
      - hawc
    method: POST
    uri: https://eutils.ncbi.nlm.nih.gov/entrez/eutils/esearch.fcgi
  response:
    body:
      string: "<?xml version=\"1.0\" encoding=\"UTF-8\" ?>\n<!DOCTYPE eSearchResult
        PUBLIC \"-//NLM//DTD esearch 20060628//EN\" \"https://eutils.ncbi.nlm.nih.gov/eutils/dtd/20060628/esearch.dtd\">\n<eSearchResult>\n\t<Count>3</Count>\n</eSearchResult>\n"
    headers:
      Access-Control-Allow-Origin:
      - '*'
      Access-Control-Expose-Headers:
      - X-RateLimit-Limit,X-RateLimit-Remaining
      Cache-Control:
      - private
      Connection:
      - Keep-Alive
      Content-Security-Policy:
      - upgrade-insecure-requests
      Content-Type:
      - text/xml; charset=UTF-8
      Date:
      - Thu, 05 Sep 2024 22:58:32 GMT
      Keep-Alive:
      - timeout=4, max=40
      NCBI-PHID:
      - D0BD9D8EE5AB4CE5000062EDC4122E0F.1.1.m_1
      NCBI-SID:
      - 2A609DADABC548AF_7025SID
      Referrer-Policy:
      - origin-when-cross-origin
      Server:
      - Finatra
      Set-Cookie:
      - ncbi_sid=2A609DADABC548AF_7025SID; domain=.nih.gov; path=/; expires=Fri, 05
        Sep 2025 22:58:32 GMT
      Strict-Transport-Security:
      - max-age=31536000; includeSubDomains; preload
      Transfer-Encoding:
      - chunked
      X-RateLimit-Limit:
      - '10'
      X-RateLimit-Remaining:
      - '6'
      X-UA-Compatible:
      - IE=Edge
      X-XSS-Protection:
      - 1; mode=block
      content-encoding:
      - gzip
    status:
      code: 200
      message: OK
- request:
    body: db=pubmed&retmode=xml&term=burritos+school+lunch&api_key=<omitted>&retmax=5000&retstart=0
    headers:
      Accept:
      - application/json
      Accept-Encoding:
      - gzip, deflate
      Connection:
      - keep-alive
      Content-Length:
      - '116'
      Content-Type:
      - application/x-www-form-urlencoded
      Cookie:
      - ncbi_sid=2A609DADABC548AF_7025SID
      User-Agent:
      - hawc
    method: POST
    uri: https://eutils.ncbi.nlm.nih.gov/entrez/eutils/esearch.fcgi
  response:
    body:
      string: "<?xml version=\"1.0\" encoding=\"UTF-8\" ?>\n<!DOCTYPE eSearchResult
        PUBLIC \"-//NLM//DTD esearch 20060628//EN\" \"https://eutils.ncbi.nlm.nih.gov/eutils/dtd/20060628/esearch.dtd\">\n<eSearchResult>\n<Count>3</Count><RetMax>3</RetMax><RetStart>0</RetStart>\n<IdList>\n\t<Id>30473488</Id>\n\t<Id>16865905</Id>\n\t<Id>16410761</Id>\n</IdList>\n<TranslationSet><Translation>
        \    <From>school</From>     <To>\"educational status\"[MeSH Terms] OR (\"educational\"[All
        Fields] AND \"status\"[All Fields]) OR \"educational status\"[All Fields]
        OR \"schooling\"[All Fields] OR \"education\"[MeSH Terms] OR \"education\"[All
        Fields] OR \"school's\"[All Fields] OR \"schooled\"[All Fields] OR \"schools\"[MeSH
        Terms] OR \"schools\"[All Fields] OR \"school\"[All Fields]</To>    </Translation><Translation>
        \    <From>lunch</From>     <To>\"lunch\"[MeSH Terms] OR \"lunch\"[All Fields]
        OR \"lunches\"[All Fields] OR \"lunching\"[All Fields]</To>    </Translation></TranslationSet><QueryTranslation>\"burritos\"[All
        Fields] AND (\"educational status\"[MeSH Terms] OR (\"educational\"[All Fields]
        AND \"status\"[All Fields]) OR \"educational status\"[All Fields] OR \"schooling\"[All
        Fields] OR \"education\"[MeSH Terms] OR \"education\"[All Fields] OR \"school
        s\"[All Fields] OR \"schooled\"[All Fields] OR \"schools\"[MeSH Terms] OR
        \"schools\"[All Fields] OR \"school\"[All Fields]) AND (\"lunch\"[MeSH Terms]
        OR \"lunch\"[All Fields] OR \"lunches\"[All Fields] OR \"lunching\"[All Fields])</QueryTranslation>\n\n</eSearchResult>\n"
    headers:
      Access-Control-Allow-Origin:
      - '*'
      Access-Control-Expose-Headers:
      - X-RateLimit-Limit,X-RateLimit-Remaining
      Cache-Control:
      - private
      Connection:
      - Keep-Alive
      Content-Security-Policy:
      - upgrade-insecure-requests
      Content-Type:
      - text/xml; charset=UTF-8
      Date:
      - Thu, 05 Sep 2024 22:58:32 GMT
      Keep-Alive:
      - timeout=4, max=40
      NCBI-PHID:
      - 939B82323C968185000026C21B2A37DF.1.1.m_1
      NCBI-SID:
      - 2A609DADABC548AF_7025SID
      Referrer-Policy:
      - origin-when-cross-origin
      Server:
      - Finatra
      Set-Cookie:
      - ncbi_sid=2A609DADABC548AF_7025SID; domain=.nih.gov; path=/; expires=Fri, 05
        Sep 2025 22:58:33 GMT
      Strict-Transport-Security:
      - max-age=31536000; includeSubDomains; preload
      Transfer-Encoding:
      - chunked
      X-RateLimit-Limit:
      - '10'
      X-RateLimit-Remaining:
      - '6'
      X-UA-Compatible:
      - IE=Edge
      X-XSS-Protection:
      - 1; mode=block
      content-encoding:
      - gzip
    status:
      code: 200
      message: OK
- request:
    body: db=pubmed&retmode=xml&term=burritos+school+lunch+gastrointestinal&api_key=<omitted>&rettype=count
    headers:
      Accept:
      - application/json
      Accept-Encoding:
      - gzip, deflate
      Connection:
      - keep-alive
      Content-Length:
      - '124'
      Content-Type:
      - application/x-www-form-urlencoded
      User-Agent:
      - hawc
    method: POST
    uri: https://eutils.ncbi.nlm.nih.gov/entrez/eutils/esearch.fcgi
  response:
    body:
      string: "<?xml version=\"1.0\" encoding=\"UTF-8\" ?>\n<!DOCTYPE eSearchResult
        PUBLIC \"-//NLM//DTD esearch 20060628//EN\" \"https://eutils.ncbi.nlm.nih.gov/eutils/dtd/20060628/esearch.dtd\">\n<eSearchResult>\n\t<Count>2</Count>\n</eSearchResult>\n"
    headers:
      Access-Control-Allow-Origin:
      - '*'
      Access-Control-Expose-Headers:
      - X-RateLimit-Limit,X-RateLimit-Remaining
      Cache-Control:
      - private
      Connection:
      - Keep-Alive
      Content-Security-Policy:
      - upgrade-insecure-requests
      Content-Type:
      - text/xml; charset=UTF-8
      Date:
      - Thu, 05 Sep 2024 22:58:33 GMT
      Keep-Alive:
      - timeout=4, max=40
      NCBI-PHID:
      - D0BD9D8EE5AB4CE500005BEDC63E7E55.1.1.m_1
      NCBI-SID:
      - 84D4B0398B7A00F6_85E4SID
      Referrer-Policy:
      - origin-when-cross-origin
      Server:
      - Finatra
      Set-Cookie:
      - ncbi_sid=84D4B0398B7A00F6_85E4SID; domain=.nih.gov; path=/; expires=Fri, 05
        Sep 2025 22:58:33 GMT
      Strict-Transport-Security:
      - max-age=31536000; includeSubDomains; preload
      Transfer-Encoding:
      - chunked
      X-RateLimit-Limit:
      - '10'
      X-RateLimit-Remaining:
      - '6'
      X-UA-Compatible:
      - IE=Edge
      X-XSS-Protection:
      - 1; mode=block
      content-encoding:
      - gzip
    status:
      code: 200
      message: OK
- request:
    body: db=pubmed&retmode=xml&term=burritos+school+lunch+gastrointestinal&api_key=<omitted>&retmax=5000&retstart=0
    headers:
      Accept:
      - application/json
      Accept-Encoding:
      - gzip, deflate
      Connection:
      - keep-alive
      Content-Length:
      - '133'
      Content-Type:
      - application/x-www-form-urlencoded
      Cookie:
      - ncbi_sid=84D4B0398B7A00F6_85E4SID
      User-Agent:
      - hawc
    method: POST
    uri: https://eutils.ncbi.nlm.nih.gov/entrez/eutils/esearch.fcgi
  response:
    body:
      string: "<?xml version=\"1.0\" encoding=\"UTF-8\" ?>\n<!DOCTYPE eSearchResult
        PUBLIC \"-//NLM//DTD esearch 20060628//EN\" \"https://eutils.ncbi.nlm.nih.gov/eutils/dtd/20060628/esearch.dtd\">\n<eSearchResult>\n<Count>2</Count><RetMax>2</RetMax><RetStart>0</RetStart>\n<IdList>\n\t<Id>16865905</Id>\n\t<Id>16410761</Id>\n</IdList>\n<TranslationSet><Translation>
        \    <From>school</From>     <To>\"educational status\"[MeSH Terms] OR (\"educational\"[All
        Fields] AND \"status\"[All Fields]) OR \"educational status\"[All Fields]
        OR \"schooling\"[All Fields] OR \"education\"[MeSH Terms] OR \"education\"[All
        Fields] OR \"school's\"[All Fields] OR \"schooled\"[All Fields] OR \"schools\"[MeSH
        Terms] OR \"schools\"[All Fields] OR \"school\"[All Fields]</To>    </Translation><Translation>
        \    <From>lunch</From>     <To>\"lunch\"[MeSH Terms] OR \"lunch\"[All Fields]
        OR \"lunches\"[All Fields] OR \"lunching\"[All Fields]</To>    </Translation><Translation>
        \    <From>gastrointestinal</From>     <To>\"gastrointestinal\"[All Fields]
        OR \"gastrointestinally\"[All Fields] OR \"gastrointestine\"[All Fields]</To>
        \   </Translation></TranslationSet><QueryTranslation>\"burritos\"[All Fields]
        AND (\"educational status\"[MeSH Terms] OR (\"educational\"[All Fields] AND
        \"status\"[All Fields]) OR \"educational status\"[All Fields] OR \"schooling\"[All
        Fields] OR \"education\"[MeSH Terms] OR \"education\"[All Fields] OR \"school
        s\"[All Fields] OR \"schooled\"[All Fields] OR \"schools\"[MeSH Terms] OR
        \"schools\"[All Fields] OR \"school\"[All Fields]) AND (\"lunch\"[MeSH Terms]
        OR \"lunch\"[All Fields] OR \"lunches\"[All Fields] OR \"lunching\"[All Fields])
        AND (\"gastrointestinal\"[All Fields] OR \"gastrointestinally\"[All Fields]
        OR \"gastrointestine\"[All Fields])</QueryTranslation>\n\n</eSearchResult>\n"
    headers:
      Access-Control-Allow-Origin:
      - '*'
      Access-Control-Expose-Headers:
      - X-RateLimit-Limit,X-RateLimit-Remaining
      Cache-Control:
      - private
      Connection:
      - Keep-Alive
      Content-Security-Policy:
      - upgrade-insecure-requests
      Content-Type:
      - text/xml; charset=UTF-8
      Date:
      - Thu, 05 Sep 2024 22:58:33 GMT
      Keep-Alive:
      - timeout=4, max=40
      NCBI-PHID:
      - 939B82323C968185000027C21CC33287.1.1.m_1
      NCBI-SID:
      - 84D4B0398B7A00F6_85E4SID
      Referrer-Policy:
      - origin-when-cross-origin
      Server:
      - Finatra
      Set-Cookie:
      - ncbi_sid=84D4B0398B7A00F6_85E4SID; domain=.nih.gov; path=/; expires=Fri, 05
        Sep 2025 22:58:33 GMT
      Strict-Transport-Security:
      - max-age=31536000; includeSubDomains; preload
      Transfer-Encoding:
      - chunked
      X-RateLimit-Limit:
      - '10'
      X-RateLimit-Remaining:
      - '6'
      X-UA-Compatible:
      - IE=Edge
      X-XSS-Protection:
      - 1; mode=block
      content-encoding:
      - gzip
    status:
      code: 200
      message: OK
- request:
    body: db=pubmed&retmode=xml&term=burritos+school+lunch&api_key=<omitted>&rettype=count
    headers:
      Accept:
      - application/json
      Accept-Encoding:
      - gzip, deflate
      Connection:
      - keep-alive
      Content-Length:
      - '107'
      Content-Type:
      - application/x-www-form-urlencoded
      User-Agent:
      - hawc
    method: POST
    uri: https://eutils.ncbi.nlm.nih.gov/entrez/eutils/esearch.fcgi
  response:
    body:
      string: "<?xml version=\"1.0\" encoding=\"UTF-8\" ?>\n<!DOCTYPE eSearchResult
        PUBLIC \"-//NLM//DTD esearch 20060628//EN\" \"https://eutils.ncbi.nlm.nih.gov/eutils/dtd/20060628/esearch.dtd\">\n<eSearchResult>\n\t<Count>3</Count>\n</eSearchResult>\n"
    headers:
      Access-Control-Allow-Origin:
      - '*'
      Access-Control-Expose-Headers:
      - X-RateLimit-Limit,X-RateLimit-Remaining
      Cache-Control:
      - private
      Connection:
      - Keep-Alive
      Content-Security-Policy:
      - upgrade-insecure-requests
      Content-Type:
      - text/xml; charset=UTF-8
      Date:
      - Thu, 05 Sep 2024 22:58:34 GMT
      Keep-Alive:
      - timeout=4, max=40
      NCBI-PHID:
      - D0BD9D8EE5AB4CE500004CEDC82368E4.1.1.m_1
      NCBI-SID:
      - 2073714D1E638BE9_A19ESID
      Referrer-Policy:
      - origin-when-cross-origin
      Server:
      - Finatra
      Set-Cookie:
      - ncbi_sid=2073714D1E638BE9_A19ESID; domain=.nih.gov; path=/; expires=Fri, 05
        Sep 2025 22:58:34 GMT
      Strict-Transport-Security:
      - max-age=31536000; includeSubDomains; preload
      Transfer-Encoding:
      - chunked
      X-RateLimit-Limit:
      - '10'
      X-RateLimit-Remaining:
      - '6'
      X-UA-Compatible:
      - IE=Edge
      X-XSS-Protection:
      - 1; mode=block
      content-encoding:
      - gzip
    status:
      code: 200
      message: OK
- request:
    body: db=pubmed&retmode=xml&term=burritos+school+lunch&api_key=<omitted>&retmax=5000&retstart=0
    headers:
      Accept:
      - application/json
      Accept-Encoding:
      - gzip, deflate
      Connection:
      - keep-alive
      Content-Length:
      - '116'
      Content-Type:
      - application/x-www-form-urlencoded
      Cookie:
      - ncbi_sid=2073714D1E638BE9_A19ESID
      User-Agent:
      - hawc
    method: POST
    uri: https://eutils.ncbi.nlm.nih.gov/entrez/eutils/esearch.fcgi
  response:
    body:
      string: "<?xml version=\"1.0\" encoding=\"UTF-8\" ?>\n<!DOCTYPE eSearchResult
        PUBLIC \"-//NLM//DTD esearch 20060628//EN\" \"https://eutils.ncbi.nlm.nih.gov/eutils/dtd/20060628/esearch.dtd\">\n<eSearchResult>\n<Count>3</Count><RetMax>3</RetMax><RetStart>0</RetStart>\n<IdList>\n\t<Id>30473488</Id>\n\t<Id>16865905</Id>\n\t<Id>16410761</Id>\n</IdList>\n<TranslationSet><Translation>
        \    <From>school</From>     <To>\"educational status\"[MeSH Terms] OR (\"educational\"[All
        Fields] AND \"status\"[All Fields]) OR \"educational status\"[All Fields]
        OR \"schooling\"[All Fields] OR \"education\"[MeSH Terms] OR \"education\"[All
        Fields] OR \"school's\"[All Fields] OR \"schooled\"[All Fields] OR \"schools\"[MeSH
        Terms] OR \"schools\"[All Fields] OR \"school\"[All Fields]</To>    </Translation><Translation>
        \    <From>lunch</From>     <To>\"lunch\"[MeSH Terms] OR \"lunch\"[All Fields]
        OR \"lunches\"[All Fields] OR \"lunching\"[All Fields]</To>    </Translation></TranslationSet><QueryTranslation>\"burritos\"[All
        Fields] AND (\"educational status\"[MeSH Terms] OR (\"educational\"[All Fields]
        AND \"status\"[All Fields]) OR \"educational status\"[All Fields] OR \"schooling\"[All
        Fields] OR \"education\"[MeSH Terms] OR \"education\"[All Fields] OR \"school
        s\"[All Fields] OR \"schooled\"[All Fields] OR \"schools\"[MeSH Terms] OR
        \"schools\"[All Fields] OR \"school\"[All Fields]) AND (\"lunch\"[MeSH Terms]
        OR \"lunch\"[All Fields] OR \"lunches\"[All Fields] OR \"lunching\"[All Fields])</QueryTranslation>\n\n</eSearchResult>\n"
    headers:
      Access-Control-Allow-Origin:
      - '*'
      Access-Control-Expose-Headers:
      - X-RateLimit-Limit,X-RateLimit-Remaining
      Cache-Control:
      - private
      Connection:
      - Keep-Alive
      Content-Security-Policy:
      - upgrade-insecure-requests
      Content-Type:
      - text/xml; charset=UTF-8
      Date:
      - Thu, 05 Sep 2024 22:58:34 GMT
      Keep-Alive:
      - timeout=4, max=40
      NCBI-PHID:
      - 939B82323C96818500003FC21EB31C57.1.1.m_1
      NCBI-SID:
      - 2073714D1E638BE9_A19ESID
      Referrer-Policy:
      - origin-when-cross-origin
      Server:
      - Finatra
      Set-Cookie:
      - ncbi_sid=2073714D1E638BE9_A19ESID; domain=.nih.gov; path=/; expires=Fri, 05
        Sep 2025 22:58:34 GMT
      Strict-Transport-Security:
      - max-age=31536000; includeSubDomains; preload
      Transfer-Encoding:
      - chunked
      X-RateLimit-Limit:
      - '10'
      X-RateLimit-Remaining:
      - '6'
      X-UA-Compatible:
      - IE=Edge
      X-XSS-Protection:
      - 1; mode=block
      content-encoding:
      - gzip
    status:
      code: 200
      message: OK
- request:
    body: db=pubmed&retmode=xml&term=burritos+school+lunch+gastrointestinal&api_key=<omitted>&rettype=count
    headers:
      Accept:
      - application/json
      Accept-Encoding:
      - gzip, deflate
      Connection:
      - keep-alive
      Content-Length:
      - '124'
      Content-Type:
      - application/x-www-form-urlencoded
      User-Agent:
      - hawc
    method: POST
    uri: https://eutils.ncbi.nlm.nih.gov/entrez/eutils/esearch.fcgi
  response:
    body:
      string: "<?xml version=\"1.0\" encoding=\"UTF-8\" ?>\n<!DOCTYPE eSearchResult
        PUBLIC \"-//NLM//DTD esearch 20060628//EN\" \"https://eutils.ncbi.nlm.nih.gov/eutils/dtd/20060628/esearch.dtd\">\n<eSearchResult>\n\t<Count>2</Count>\n</eSearchResult>\n"
    headers:
      Access-Control-Allow-Origin:
      - '*'
      Access-Control-Expose-Headers:
      - X-RateLimit-Limit,X-RateLimit-Remaining
      Cache-Control:
      - private
      Connection:
      - Keep-Alive
      Content-Security-Policy:
      - upgrade-insecure-requests
      Content-Type:
      - text/xml; charset=UTF-8
      Date:
      - Thu, 05 Sep 2024 22:58:33 GMT
      Keep-Alive:
      - timeout=4, max=40
      NCBI-PHID:
      - 939B82323C96818500005AC220007674.1.1.m_1
      NCBI-SID:
      - 8B51FA0C7CC803C9_FE94SID
      Referrer-Policy:
      - origin-when-cross-origin
      Server:
      - Finatra
      Set-Cookie:
      - ncbi_sid=8B51FA0C7CC803C9_FE94SID; domain=.nih.gov; path=/; expires=Fri, 05
        Sep 2025 22:58:34 GMT
      Strict-Transport-Security:
      - max-age=31536000; includeSubDomains; preload
      Transfer-Encoding:
      - chunked
      X-RateLimit-Limit:
      - '10'
      X-RateLimit-Remaining:
      - '6'
      X-UA-Compatible:
      - IE=Edge
      X-XSS-Protection:
      - 1; mode=block
      content-encoding:
      - gzip
    status:
      code: 200
      message: OK
- request:
    body: db=pubmed&retmode=xml&term=burritos+school+lunch+gastrointestinal&api_key=<omitted>&retmax=5000&retstart=0
    headers:
      Accept:
      - application/json
      Accept-Encoding:
      - gzip, deflate
      Connection:
      - keep-alive
      Content-Length:
      - '133'
      Content-Type:
      - application/x-www-form-urlencoded
      Cookie:
      - ncbi_sid=8B51FA0C7CC803C9_FE94SID
      User-Agent:
      - hawc
    method: POST
    uri: https://eutils.ncbi.nlm.nih.gov/entrez/eutils/esearch.fcgi
  response:
    body:
      string: "<?xml version=\"1.0\" encoding=\"UTF-8\" ?>\n<!DOCTYPE eSearchResult
        PUBLIC \"-//NLM//DTD esearch 20060628//EN\" \"https://eutils.ncbi.nlm.nih.gov/eutils/dtd/20060628/esearch.dtd\">\n<eSearchResult>\n<Count>2</Count><RetMax>2</RetMax><RetStart>0</RetStart>\n<IdList>\n\t<Id>16865905</Id>\n\t<Id>16410761</Id>\n</IdList>\n<TranslationSet><Translation>
        \    <From>school</From>     <To>\"educational status\"[MeSH Terms] OR (\"educational\"[All
        Fields] AND \"status\"[All Fields]) OR \"educational status\"[All Fields]
        OR \"schooling\"[All Fields] OR \"education\"[MeSH Terms] OR \"education\"[All
        Fields] OR \"school's\"[All Fields] OR \"schooled\"[All Fields] OR \"schools\"[MeSH
        Terms] OR \"schools\"[All Fields] OR \"school\"[All Fields]</To>    </Translation><Translation>
        \    <From>lunch</From>     <To>\"lunch\"[MeSH Terms] OR \"lunch\"[All Fields]
        OR \"lunches\"[All Fields] OR \"lunching\"[All Fields]</To>    </Translation><Translation>
        \    <From>gastrointestinal</From>     <To>\"gastrointestinal\"[All Fields]
        OR \"gastrointestinally\"[All Fields] OR \"gastrointestine\"[All Fields]</To>
        \   </Translation></TranslationSet><QueryTranslation>\"burritos\"[All Fields]
        AND (\"educational status\"[MeSH Terms] OR (\"educational\"[All Fields] AND
        \"status\"[All Fields]) OR \"educational status\"[All Fields] OR \"schooling\"[All
        Fields] OR \"education\"[MeSH Terms] OR \"education\"[All Fields] OR \"school
        s\"[All Fields] OR \"schooled\"[All Fields] OR \"schools\"[MeSH Terms] OR
        \"schools\"[All Fields] OR \"school\"[All Fields]) AND (\"lunch\"[MeSH Terms]
        OR \"lunch\"[All Fields] OR \"lunches\"[All Fields] OR \"lunching\"[All Fields])
        AND (\"gastrointestinal\"[All Fields] OR \"gastrointestinally\"[All Fields]
        OR \"gastrointestine\"[All Fields])</QueryTranslation>\n\n</eSearchResult>\n"
    headers:
      Access-Control-Allow-Origin:
      - '*'
      Access-Control-Expose-Headers:
      - X-RateLimit-Limit,X-RateLimit-Remaining
      Cache-Control:
      - private
      Connection:
      - Keep-Alive
      Content-Security-Policy:
      - upgrade-insecure-requests
      Content-Type:
      - text/xml; charset=UTF-8
      Date:
      - Thu, 05 Sep 2024 22:58:34 GMT
      Keep-Alive:
      - timeout=4, max=40
      NCBI-PHID:
      - 939B82323C96818500005BC220D6E093.1.1.m_1
      NCBI-SID:
      - 8B51FA0C7CC803C9_FE94SID
      Referrer-Policy:
      - origin-when-cross-origin
      Server:
      - Finatra
      Set-Cookie:
      - ncbi_sid=8B51FA0C7CC803C9_FE94SID; domain=.nih.gov; path=/; expires=Fri, 05
        Sep 2025 22:58:34 GMT
      Strict-Transport-Security:
      - max-age=31536000; includeSubDomains; preload
      Transfer-Encoding:
      - chunked
      X-RateLimit-Limit:
      - '10'
      X-RateLimit-Remaining:
      - '6'
      X-UA-Compatible:
      - IE=Edge
      X-XSS-Protection:
      - 1; mode=block
      content-encoding:
      - gzip
    status:
      code: 200
      message: OK
version: 1
